\BOOKMARK [0][-]{Doc-Start}{\376\377\000T\000h\000e\000s\000i\000s\000\040\000V\000a\000l\000i\000d\000a\000t\000i\000o\000n\000\040\000L\000e\000t\000t\000e\000r}{}% 1
\BOOKMARK [0][-]{section*.1}{\376\377\000A\000c\000k\000n\000o\000w\000l\000e\000d\000g\000e\000m\000e\000n\000t\000s}{}% 2
\BOOKMARK [0][-]{section*.2}{\376\377\144\130\000\040\211\201}{}% 3
\BOOKMARK [0][-]{section*.3}{\376\377\000A\000b\000s\000t\000r\000a\000c\000t}{}% 4
\BOOKMARK [0][-]{chapter.1}{\376\377\000I\000n\000t\000r\000o\000d\000u\000c\000t\000i\000o\000n}{}% 5
\BOOKMARK [1][-]{section.1.1}{\376\377\000B\000a\000c\000k\000g\000r\000o\000u\000n\000d}{chapter.1}% 6
\BOOKMARK [1][-]{section.1.2}{\376\377\000L\000i\000t\000e\000r\000a\000t\000u\000r\000e\000\040\000R\000e\000v\000i\000e\000w}{chapter.1}% 7
\BOOKMARK [2][-]{subsection.1.2.1}{\376\377\000C\000o\000n\000v\000e\000n\000t\000i\000o\000n\000a\000l\000\040\000M\000i\000l\000l\000i\000m\000e\000t\000e\000r\000-\000W\000a\000v\000e\000\040\000M\000I\000M\000O\000\040\000S\000y\000s\000t\000e\000m\000s}{section.1.2}% 8
\BOOKMARK [2][-]{subsection.1.2.2}{\376\377\000A\000n\000t\000e\000n\000n\000a\000\040\000L\000e\000n\000s\000\040\000T\000e\000c\000h\000n\000o\000l\000o\000g\000i\000e\000s\000\040\000f\000o\000r\000\040\000B\000e\000a\000m\000\040\000F\000o\000c\000u\000s\000i\000n\000g}{section.1.2}% 9
\BOOKMARK [2][-]{subsection.1.2.3}{\376\377\000B\000e\000a\000m\000s\000p\000a\000c\000e\000\040\000M\000I\000M\000O\000\040\000a\000n\000d\000\040\000L\000e\000n\000s\000-\000A\000s\000s\000i\000s\000t\000e\000d\000\040\000C\000o\000m\000m\000u\000n\000i\000c\000a\000t\000i\000o\000n\000s}{section.1.2}% 10
\BOOKMARK [2][-]{subsection.1.2.4}{\376\377\000E\000x\000i\000s\000t\000i\000n\000g\000\040\000R\000e\000s\000e\000a\000r\000c\000h\000\040\000o\000n\000\040\000A\000n\000t\000e\000n\000n\000a\000\040\000L\000e\000n\000s\000e\000s}{section.1.2}% 11
\BOOKMARK [2][-]{subsection.1.2.5}{\376\377\000R\000e\000s\000e\000a\000r\000c\000h\000\040\000G\000a\000p\000s\000\040\000a\000n\000d\000\040\000L\000i\000m\000i\000t\000a\000t\000i\000o\000n\000s}{section.1.2}% 12
\BOOKMARK [1][-]{section.1.3}{\376\377\000M\000o\000t\000i\000v\000a\000t\000i\000o\000n}{chapter.1}% 13
\BOOKMARK [1][-]{section.1.4}{\376\377\000R\000e\000s\000e\000a\000r\000c\000h\000\040\000O\000b\000j\000e\000c\000t\000i\000v\000e\000s}{chapter.1}% 14
\BOOKMARK [1][-]{section.1.5}{\376\377\000T\000h\000e\000s\000i\000s\000\040\000O\000r\000g\000a\000n\000i\000z\000a\000t\000i\000o\000n}{chapter.1}% 15
\BOOKMARK [0][-]{chapter.2}{\376\377\000M\000e\000t\000h\000o\000d\000o\000l\000o\000g\000y\000\040\000a\000n\000d\000\040\000M\000o\000d\000e\000l\000\040\000V\000a\000l\000i\000d\000a\000t\000i\000o\000n}{}% 16
\BOOKMARK [1][-]{section.2.1}{\376\377\000A\000n\000t\000e\000n\000n\000a}{chapter.2}% 17
\BOOKMARK [2][-]{subsection.2.1.1}{\376\377\000A\000n\000t\000e\000n\000n\000a\000\040\000M\000o\000d\000e\000l}{section.2.1}% 18
\BOOKMARK [2][-]{subsection.2.1.2}{\376\377\000A\000n\000t\000e\000n\000n\000a\000\040\000D\000e\000s\000i\000g\000n}{section.2.1}% 19
\BOOKMARK [1][-]{section.2.2}{\376\377\000A\000n\000t\000e\000n\000n\000a\000\040\000L\000e\000n\000s\000\040\000D\000e\000s\000i\000g\000n}{chapter.2}% 20
\BOOKMARK [2][-]{subsection.2.2.1}{\376\377\000M\000e\000t\000a\000s\000u\000r\000f\000a\000c\000e\000\040\000U\000n\000i\000t\000-\000C\000e\000l\000l\000\040\000D\000e\000s\000i\000g\000n}{section.2.2}% 21
\BOOKMARK [2][-]{subsection.2.2.2}{\376\377\000L\000e\000n\000s\000\040\000P\000h\000a\000s\000e\000\040\000D\000i\000s\000t\000r\000i\000b\000u\000t\000i\000o\000n\000\040\000/\000\040\000C\000e\000l\000l\000\040\000A\000r\000r\000a\000n\000g\000e\000m\000e\000n\000t}{section.2.2}% 22
\BOOKMARK [2][-]{subsection.2.2.3}{\376\377\000F\000o\000c\000a\000l\000\040\000C\000h\000a\000r\000a\000c\000t\000e\000r\000i\000s\000t\000i\000c\000s}{section.2.2}% 23
\BOOKMARK [2][-]{subsection.2.2.4}{\376\377\000A\000n\000t\000e\000n\000n\000a\000\040\000R\000a\000d\000i\000a\000t\000i\000o\000n\000\040\000T\000e\000s\000t}{section.2.2}% 24
\BOOKMARK [1][-]{section.2.3}{\376\377\000M\000I\000M\000O\000\040\000C\000h\000a\000n\000n\000e\000l\000\040\000M\000o\000d\000e\000l\000i\000n\000g}{chapter.2}% 25
\BOOKMARK [2][-]{subsection.2.3.1}{\376\377\000S\000i\000n\000g\000u\000l\000a\000r\000\040\000V\000a\000l\000u\000e\000\040\000D\000e\000c\000o\000m\000p\000o\000s\000i\000t\000i\000o\000n}{section.2.3}% 26
\BOOKMARK [2][-]{subsection.2.3.2}{\376\377\000C\000h\000a\000n\000n\000e\000l\000\040\000Q\000u\000a\000l\000i\000t\000y\000\040\000M\000e\000t\000r\000i\000c\000s}{section.2.3}% 27
\BOOKMARK [2][-]{subsection.2.3.3}{\376\377\000C\000h\000a\000n\000n\000e\000l\000\040\000C\000o\000r\000r\000e\000l\000a\000t\000i\000o\000n\000\040\000M\000a\000t\000r\000i\000x}{section.2.3}% 28
\BOOKMARK [2][-]{subsection.2.3.4}{\376\377\000C\000h\000a\000n\000n\000e\000l\000\040\000C\000a\000p\000a\000c\000i\000t\000y}{section.2.3}% 29
\BOOKMARK [1][-]{section.2.4}{\376\377\000H\000F\000S\000S\000-\000B\000a\000s\000e\000d\000\040\000E\000l\000e\000c\000t\000r\000o\000m\000a\000g\000n\000e\000t\000i\000c\000\040\000S\000i\000m\000u\000l\000a\000t\000i\000o\000n}{chapter.2}% 30
\BOOKMARK [2][-]{subsection.2.4.1}{\376\377\000S\000i\000m\000u\000l\000a\000t\000i\000o\000n\000\040\000S\000e\000t\000u\000p}{section.2.4}% 31
\BOOKMARK [2][-]{subsection.2.4.2}{\376\377\000H\000F\000S\000S\000\040\000S\000B\000R\000+\000\040\000S\000o\000l\000v\000e\000r}{section.2.4}% 32
\BOOKMARK [2][-]{subsection.2.4.3}{\376\377\000H\000F\000S\000S\000\040\000H\000y\000b\000r\000i\000d\000\040\000S\000o\000l\000v\000e\000r}{section.2.4}% 33
\BOOKMARK [1][-]{section.2.5}{\376\377\000C\000r\000o\000s\000s\000-\000V\000a\000l\000i\000d\000a\000t\000i\000o\000n\000\040\000U\000s\000i\000n\000g\000\040\000D\000i\000f\000f\000e\000r\000e\000n\000t\000\040\000R\000a\000y\000-\000T\000r\000a\000c\000i\000n\000g\000\040\000T\000o\000o\000l\000s}{chapter.2}% 34
\BOOKMARK [2][-]{subsection.2.5.1}{\376\377\000S\000i\000m\000u\000l\000a\000t\000i\000o\000n\000\040\000S\000e\000t\000u\000p}{section.2.5}% 35
\BOOKMARK [2][-]{subsection.2.5.2}{\376\377\000R\000e\000s\000u\000l\000t\000\040\000S\000i\000m\000u\000l\000a\000t\000i\000o\000n}{section.2.5}% 36
\BOOKMARK [2][-]{subsection.2.5.3}{\376\377\000C\000o\000m\000p\000a\000r\000i\000s\000o\000n\000\040\000B\000a\000s\000i\000s\000\040\000a\000n\000d\000\040\000C\000h\000a\000n\000n\000e\000l\000\040\000H\000a\000r\000m\000o\000n\000i\000z\000a\000t\000i\000o\000n}{section.2.5}% 37
\BOOKMARK [2][-]{subsection.2.5.4}{\376\377\000A\000b\000s\000o\000l\000u\000t\000e\000\040\000C\000h\000a\000n\000n\000e\000l\000-\000M\000a\000g\000n\000i\000t\000u\000d\000e\000\040\000C\000o\000m\000p\000a\000r\000i\000s\000o\000n}{section.2.5}% 38
\BOOKMARK [2][-]{subsection.2.5.5}{\376\377\000L\000e\000n\000s\000-\000E\000f\000f\000e\000c\000t\000\040\000C\000o\000m\000p\000a\000r\000i\000s\000o\000n}{section.2.5}% 39
\BOOKMARK [2][-]{subsection.2.5.6}{\376\377\000I\000n\000t\000e\000r\000-\000S\000o\000l\000v\000e\000r\000\040\000M\000I\000M\000O\000\040\000Q\000u\000a\000l\000i\000t\000y\000\040\000a\000n\000d\000\040\000C\000a\000p\000a\000c\000i\000t\000y}{section.2.5}% 40
\BOOKMARK [2][-]{subsection.2.5.7}{\376\377\000S\000p\000a\000t\000i\000a\000l\000-\000C\000o\000r\000r\000e\000l\000a\000t\000i\000o\000n\000\040\000C\000o\000m\000p\000a\000r\000i\000s\000o\000n}{section.2.5}% 41
\BOOKMARK [2][-]{subsection.2.5.8}{\376\377\000O\000v\000e\000r\000a\000l\000l\000\040\000C\000o\000m\000p\000a\000r\000i\000s\000o\000n\000\040\000a\000n\000d\000\040\000I\000n\000t\000e\000r\000p\000r\000e\000t\000a\000t\000i\000o\000n}{section.2.5}% 42
\BOOKMARK [0][-]{chapter.3}{\376\377\000M\000I\000M\000O\000\040\000C\000o\000m\000m\000u\000n\000i\000c\000a\000t\000i\000o\000n\000\040\000P\000e\000r\000f\000o\000r\000m\000a\000n\000c\000e\000\040\000E\000v\000a\000l\000u\000a\000t\000i\000o\000n}{}% 43
\BOOKMARK [1][-]{section.3.1}{\376\377\000C\000o\000m\000p\000a\000r\000i\000s\000o\000n\000\040\000o\000f\000\040\000D\000i\000f\000f\000e\000r\000e\000n\000t\000\040\000A\000n\000t\000e\000n\000n\000a\000\040\000P\000l\000a\000c\000e\000m\000e\000n\000t\000s}{chapter.3}% 44
\BOOKMARK [2][-]{subsection.3.1.1}{\376\377\000R\000e\000c\000e\000i\000v\000e\000r\000\040\000A\000r\000r\000a\000n\000g\000e\000m\000e\000n\000t\000s\000\040\000a\000n\000d\000\040\000P\000a\000i\000r\000e\000d\000\040\000T\000r\000a\000j\000e\000c\000t\000o\000r\000i\000e\000s}{section.3.1}% 45
\BOOKMARK [2][-]{subsection.3.1.2}{\376\377\000C\000h\000a\000n\000n\000e\000l\000\040\000D\000a\000t\000a\000\040\000a\000n\000d\000\040\000E\000v\000a\000l\000u\000a\000t\000i\000o\000n\000\040\000M\000e\000t\000r\000i\000c\000s}{section.3.1}% 46
\BOOKMARK [2][-]{subsection.3.1.3}{\376\377\000A\000g\000g\000r\000e\000g\000a\000t\000e\000\040\000C\000o\000m\000p\000a\000r\000i\000s\000o\000n\000\040\000A\000c\000r\000o\000s\000s\000\040\000T\000r\000a\000j\000e\000c\000t\000o\000r\000i\000e\000s}{section.3.1}% 47
\BOOKMARK [2][-]{subsection.3.1.4}{\376\377\000L\000i\000n\000e\000a\000r\000\040\000T\000r\000a\000j\000e\000c\000t\000o\000r\000y\000:\000\040\000S\000t\000r\000o\000n\000g\000e\000s\000t\000\040\000L\000e\000n\000s\000-\000A\000s\000s\000i\000s\000t\000e\000d\000\040\000I\000m\000p\000r\000o\000v\000e\000m\000e\000n\000t}{section.3.1}% 48
\BOOKMARK [2][-]{subsection.3.1.5}{\376\377\000H\000a\000l\000f\000-\000C\000i\000r\000c\000u\000l\000a\000r\000\040\000T\000r\000a\000j\000e\000c\000t\000o\000r\000y\000:\000\040\000L\000i\000n\000k\000\040\000G\000a\000i\000n\000\040\000w\000i\000t\000h\000\040\000M\000i\000x\000e\000d\000\040\000R\000a\000n\000k\000\040\000B\000e\000h\000a\000v\000i\000o\000r}{section.3.1}% 49
\BOOKMARK [2][-]{subsection.3.1.6}{\376\377\000F\000u\000l\000l\000-\000C\000i\000r\000c\000u\000l\000a\000r\000\040\000T\000r\000a\000j\000e\000c\000t\000o\000r\000y\000:\000\040\000N\000e\000a\000r\000-\000C\000o\000l\000l\000i\000s\000i\000o\000n\000\040\000D\000i\000a\000g\000n\000o\000s\000t\000i\000c}{section.3.1}% 50
\BOOKMARK [2][-]{subsection.3.1.7}{\376\377\000D\000i\000s\000c\000u\000s\000s\000i\000o\000n\000\040\000a\000n\000d\000\040\000L\000i\000m\000i\000t\000a\000t\000i\000o\000n\000s}{section.3.1}% 51
\BOOKMARK [2][-]{subsection.3.1.8}{\376\377\000S\000u\000m\000m\000a\000r\000y\000\040\000o\000f\000\040\000t\000h\000e\000\040\000P\000l\000a\000c\000e\000m\000e\000n\000t\000\040\000C\000o\000m\000p\000a\000r\000i\000s\000o\000n}{section.3.1}% 52
\BOOKMARK [1][-]{section.3.2}{\376\377\000H\000i\000g\000h\000e\000r\000-\000O\000r\000d\000e\000r\000\040\000M\000I\000M\000O\000\040\000S\000y\000s\000t\000e\000m\000s}{chapter.3}% 53
\BOOKMARK [2][-]{subsection.3.2.1}{\376\377\000C\000o\000m\000p\000u\000t\000e\000-\000C\000o\000s\000t\000\040\000S\000c\000a\000l\000a\000b\000i\000l\000i\000t\000y}{section.3.2}% 54
\BOOKMARK [2][-]{subsection.3.2.2}{\376\377\000C\000a\000p\000a\000c\000i\000t\000y\000\040\000a\000n\000d\000\040\000C\000h\000a\000n\000n\000e\000l\000-\000C\000o\000n\000d\000i\000t\000i\000o\000n\000i\000n\000g\000\040\000S\000c\000a\000l\000a\000b\000i\000l\000i\000t\000y}{section.3.2}% 55
\BOOKMARK [2][-]{subsection.3.2.3}{\376\377\000D\000i\000s\000c\000u\000s\000s\000i\000o\000n\000\040\000o\000n\000\040\000H\000i\000g\000h\000e\000r\000-\000O\000r\000d\000e\000r\000\040\000M\000I\000M\000O\000\040\000S\000y\000s\000t\000e\000m\000s}{section.3.2}% 56
\BOOKMARK [0][-]{chapter.4}{\376\377\000C\000o\000n\000c\000l\000u\000s\000i\000o\000n\000s\000\040\000a\000n\000d\000\040\000F\000u\000t\000u\000r\000e\000\040\000W\000o\000r\000k}{}% 57
\BOOKMARK [1][-]{section.4.1}{\376\377\000S\000u\000m\000m\000a\000r\000y}{chapter.4}% 58
\BOOKMARK [1][-]{section.4.2}{\376\377\000C\000o\000n\000c\000l\000u\000s\000i\000o\000n\000s}{chapter.4}% 59
\BOOKMARK [1][-]{section.4.3}{\376\377\000L\000i\000m\000i\000t\000a\000t\000i\000o\000n\000s}{chapter.4}% 60
\BOOKMARK [1][-]{section.4.4}{\376\377\000F\000u\000t\000u\000r\000e\000\040\000W\000o\000r\000k}{chapter.4}% 61
\BOOKMARK [0][-]{section*.58}{\376\377\000R\000e\000f\000e\000r\000e\000n\000c\000e\000s}{}% 62
