\BOOKMARK [1][-]{section.1}{\376\377\000M\000I\000M\000O\000\040\000C\000h\000a\000n\000n\000e\000l\000\040\000R\000e\000p\000r\000e\000s\000e\000n\000t\000a\000t\000i\000o\000n}{}% 1
\BOOKMARK [1][-]{section.2}{\376\377\000A\000n\000t\000e\000n\000n\000a\000\040\000E\000q\000u\000i\000v\000a\000l\000e\000n\000c\000e\000\040\000M\000a\000p\000p\000i\000n\000g}{}% 2
\BOOKMARK [1][-]{section.3}{\376\377\000F\000r\000e\000q\000u\000e\000n\000c\000y\000\040\000A\000l\000i\000g\000n\000m\000e\000n\000t}{}% 3
\BOOKMARK [1][-]{section.4}{\376\377\000I\000n\000t\000e\000r\000-\000S\000o\000l\000v\000e\000r\000\040\000M\000a\000g\000n\000i\000t\000u\000d\000e\000\040\000C\000o\000m\000p\000a\000r\000i\000s\000o\000n}{}% 4
\BOOKMARK [1][-]{section.5}{\376\377\000I\000n\000t\000e\000r\000-\000S\000o\000l\000v\000e\000r\000\040\000S\000p\000r\000e\000a\000d}{}% 5
\BOOKMARK [1][-]{section.6}{\376\377\000F\000r\000e\000q\000u\000e\000n\000c\000y\000-\000S\000h\000a\000p\000e\000\040\000A\000g\000r\000e\000e\000m\000e\000n\000t}{}% 6
\BOOKMARK [1][-]{section.7}{\376\377\000P\000h\000a\000s\000e\000\040\000A\000g\000r\000e\000e\000m\000e\000n\000t}{}% 7
\BOOKMARK [1][-]{section.8}{\376\377\000A\000n\000t\000e\000n\000n\000a\000-\000L\000e\000n\000s\000\040\000E\000f\000f\000e\000c\000t}{}% 8
\BOOKMARK [1][-]{section.9}{\376\377\000L\000e\000n\000s\000-\000E\000f\000f\000e\000c\000t\000\040\000D\000i\000r\000e\000c\000t\000i\000o\000n\000\040\000A\000g\000r\000e\000e\000m\000e\000n\000t}{}% 9
\BOOKMARK [1][-]{section.10}{\376\377\000N\000o\000r\000m\000a\000l\000i\000z\000e\000d\000\040\000C\000h\000a\000n\000n\000e\000l\000\040\000P\000o\000w\000e\000r\000\040\000D\000i\000s\000t\000r\000i\000b\000u\000t\000i\000o\000n}{}% 10
\BOOKMARK [1][-]{section.11}{\376\377\000S\000i\000n\000g\000u\000l\000a\000r\000\040\000V\000a\000l\000u\000e\000\040\000D\000e\000c\000o\000m\000p\000o\000s\000i\000t\000i\000o\000n}{}% 11
\BOOKMARK [1][-]{section.12}{\376\377\000F\000r\000o\000b\000e\000n\000i\000u\000s\000-\000N\000o\000r\000m\000a\000l\000i\000z\000e\000d\000\040\000C\000h\000a\000n\000n\000e\000l}{}% 12
\BOOKMARK [1][-]{section.13}{\376\377\000C\000o\000n\000d\000i\000t\000i\000o\000n\000\040\000N\000u\000m\000b\000e\000r}{}% 13
\BOOKMARK [1][-]{section.14}{\376\377\000E\000f\000f\000e\000c\000t\000i\000v\000e\000\040\000R\000a\000n\000k}{}% 14
\BOOKMARK [1][-]{section.15}{\376\377\000S\000p\000a\000t\000i\000a\000l\000\040\000C\000o\000r\000r\000e\000l\000a\000t\000i\000o\000n}{}% 15
\BOOKMARK [1][-]{section.16}{\376\377\000M\000I\000M\000O\000\040\000C\000h\000a\000n\000n\000e\000l\000\040\000C\000a\000p\000a\000c\000i\000t\000y}{}% 16
\BOOKMARK [1][-]{section.17}{\376\377\000I\000n\000t\000e\000r\000p\000r\000e\000t\000a\000t\000i\000o\000n\000\040\000o\000f\000\040\000R\000a\000w\000\040\000a\000n\000d\000\040\000N\000o\000r\000m\000a\000l\000i\000z\000e\000d\000\040\000C\000a\000p\000a\000c\000i\000t\000y}{}% 17
\BOOKMARK [1][-]{section.18}{\376\377\000O\000v\000e\000r\000a\000l\000l\000\040\000I\000n\000t\000e\000r\000p\000r\000e\000t\000a\000t\000i\000o\000n}{}% 18
\BOOKMARK [1][-]{section.19}{\376\377\000T\000h\000r\000e\000e\000-\000L\000e\000v\000e\000l\000\040\000E\000v\000a\000l\000u\000a\000t\000i\000o\000n\000\040\000F\000r\000a\000m\000e\000w\000o\000r\000k}{}% 19
\BOOKMARK [2][-]{subsection.19.1}{\376\377\000L\000e\000v\000e\000l\000\040\0001\000:\000\040\000I\000n\000t\000e\000r\000-\000S\000o\000l\000v\000e\000r\000\040\000C\000h\000a\000n\000n\000e\000l\000\040\000A\000g\000r\000e\000e\000m\000e\000n\000t}{section.19}% 20
\BOOKMARK [2][-]{subsection.19.2}{\376\377\000L\000e\000v\000e\000l\000\040\0002\000:\000\040\000L\000e\000n\000s\000-\000I\000n\000d\000u\000c\000e\000d\000\040\000C\000h\000a\000n\000n\000e\000l\000\040\000M\000o\000d\000i\000f\000i\000c\000a\000t\000i\000o\000n}{section.19}% 21
\BOOKMARK [2][-]{subsection.19.3}{\376\377\000L\000e\000v\000e\000l\000\040\0003\000:\000\040\000M\000I\000M\000O\000\040\000P\000e\000r\000f\000o\000r\000m\000a\000n\000c\000e}{section.19}% 22
\BOOKMARK [1][-]{section.20}{\376\377\000R\000e\000c\000o\000m\000m\000e\000n\000d\000e\000d\000\040\000R\000e\000s\000u\000l\000t\000\040\000P\000r\000e\000s\000e\000n\000t\000a\000t\000i\000o\000n}{}% 23
\BOOKMARK [1][-]{section.21}{\376\377\000I\000m\000p\000o\000r\000t\000a\000n\000t\000\040\000R\000e\000m\000a\000r\000k}{}% 24
