\BOOKMARK [1][-]{section.1}{\376\377\000O\000b\000j\000e\000c\000t\000i\000v\000e\000s\000\040\000T\000h\000i\000s\000\040\000W\000e\000e\000k}{}% 1
\BOOKMARK [1][-]{section.2}{\376\377\000S\000i\000m\000u\000l\000a\000t\000i\000o\000n\000\040\000A\000n\000t\000e\000n\000n\000a\000\040\000L\000e\000n\000s\000\040\000V\000a\000r\000i\000a\000n\000c\000e\000\040\000I\000n\000c\000i\000d\000e\000n\000t\000\040\000o\000f\000\040\0003\000T\000X\000\040\000t\000o\000\040\0003\000R\000X\000\040\000w\000i\000t\000h\000\040\000S\000I\000O\000N\000N\000A\000-\000R\000T}{}% 2
\BOOKMARK [2][-]{subsection.2.1}{\376\377\000E\000x\000p\000e\000r\000i\000m\000e\000n\000t\000a\000l\000\040\000S\000e\000t\000u\000p}{section.2}% 3
\BOOKMARK [2][-]{subsection.2.2}{\376\377\000R\000e\000s\000u\000l\000t}{section.2}% 4
\BOOKMARK [2][-]{subsection.2.3}{\376\377\000E\000v\000a\000l\000u\000a\000t\000i\000o\000n}{section.2}% 5
\BOOKMARK [3][-]{subsubsection.2.3.1}{\376\377\000L\000e\000n\000s\000-\000I\000n\000d\000u\000c\000e\000d\000\040\000C\000h\000a\000n\000g\000e\000\040\000i\000n\000\040\000T\000X\040\023\000R\000X\000\040\000C\000o\000u\000p\000l\000i\000n\000g}{subsection.2.3}% 6
\BOOKMARK [3][-]{subsubsection.2.3.2}{\376\377\000S\000i\000n\000g\000u\000l\000a\000r\000-\000V\000a\000l\000u\000e\000\040\000D\000e\000c\000o\000m\000p\000o\000s\000i\000t\000i\000o\000n\000\040\000a\000n\000d\000\040\000C\000h\000a\000n\000n\000e\000l\000\040\000Q\000u\000a\000l\000i\000t\000y}{subsection.2.3}% 7
\BOOKMARK [3][-]{subsubsection.2.3.3}{\376\377\000M\000I\000M\000O\000\040\000C\000h\000a\000n\000n\000e\000l\000\040\000C\000a\000p\000a\000c\000i\000t\000y}{subsection.2.3}% 8
\BOOKMARK [3][-]{subsubsection.2.3.4}{\376\377\000S\000p\000a\000t\000i\000a\000l\000\040\000C\000o\000r\000r\000e\000l\000a\000t\000i\000o\000n}{subsection.2.3}% 9
\BOOKMARK [1][-]{section.3}{\376\377\000S\000i\000m\000u\000l\000a\000t\000i\000o\000n\000\040\000A\000n\000t\000e\000n\000n\000a\000\040\000L\000e\000n\000s\000\040\000V\000a\000r\000i\000a\000n\000c\000e\000\040\000I\000n\000c\000i\000d\000e\000n\000t\000\040\000o\000f\000\040\0001\000T\000X\000\040\000t\000o\000\040\0003\000R\000X\000\040\000w\000i\000t\000h\000\040\000H\000y\000b\000r\000i\000d\000\040\000M\000e\000t\000h\000o\000d\000\040\000o\000n\000\040\000H\000F\000S\000S\000\040\000H\000y\000b\000r\000i\000d\000\040\000S\000o\000l\000v\000e\000r}{}% 10
\BOOKMARK [2][-]{subsection.3.1}{\376\377\000E\000x\000p\000e\000r\000i\000m\000e\000n\000t\000a\000l\000\040\000S\000e\000t\000u\000p}{section.3}% 11
\BOOKMARK [2][-]{subsection.3.2}{\376\377\000R\000e\000s\000u\000l\000t}{section.3}% 12
\BOOKMARK [2][-]{subsection.3.3}{\376\377\000E\000v\000a\000l\000u\000a\000t\000i\000o\000n}{section.3}% 13
\BOOKMARK [3][-]{subsubsection.3.3.1}{\376\377\000A\000n\000g\000u\000l\000a\000r\000-\000D\000o\000m\000a\000i\000n\000\040\000W\000i\000r\000e\000l\000e\000s\000s\000\040\000C\000h\000a\000n\000n\000e\000l\000\040\000F\000o\000r\000m\000u\000l\000a\000t\000i\000o\000n}{subsection.3.3}% 14
\BOOKMARK [3][-]{subsubsection.3.3.2}{\376\377\000S\000i\000n\000g\000u\000l\000a\000r\000\040\000V\000a\000l\000u\000e\000\040\000D\000e\000c\000o\000m\000p\000o\000s\000i\000t\000i\000o\000n\000\040\000o\000f\000\040\000t\000h\000e\000\040\000A\000n\000g\000u\000l\000a\000r\000-\000D\000o\000m\000a\000i\000n\000\040\000C\000h\000a\000n\000n\000e\000l\000\040\000M\000a\000t\000r\000i\000x}{subsection.3.3}% 15
\BOOKMARK [3][-]{subsubsection.3.3.3}{\376\377\000C\000h\000a\000n\000n\000e\000l\000\040\000Q\000u\000a\000l\000i\000t\000y\000\040\000M\000e\000t\000r\000i\000c\000s}{subsection.3.3}% 16
\BOOKMARK [3][-]{subsubsection.3.3.4}{\376\377\000C\000S\000I\000-\000B\000a\000s\000e\000d\000\040\000C\000o\000m\000m\000u\000n\000i\000c\000a\000t\000i\000o\000n\000\040\000M\000e\000t\000r\000i\000c\000s}{subsection.3.3}% 17
\BOOKMARK [4][-]{paragraph.3.3.4.1}{\376\377\000A\000.\000\040\000S\000i\000n\000g\000l\000e\000\040\000R\000X\000-\000A\000n\000g\000l\000e\000\040\000L\000i\000n\000k\000\040\000M\000e\000t\000r\000i\000c}{subsubsection.3.3.4}% 18
\BOOKMARK [4][-]{paragraph.3.3.4.2}{\376\377\000B\000.\000\040\000P\000e\000r\000-\000R\000X\000\040\000A\000n\000g\000u\000l\000a\000r\000\040\000C\000o\000m\000b\000i\000n\000i\000n\000g\000\040\000M\000e\000t\000r\000i\000c}{subsubsection.3.3.4}% 19
\BOOKMARK [3][-]{subsubsection.3.3.5}{\376\377\000I\000m\000p\000l\000e\000m\000e\000n\000t\000a\000t\000i\000o\000n\000\040\000o\000f\000\040\000C\000o\000r\000r\000e\000l\000a\000t\000i\000o\000n\000\040\000a\000n\000d\000\040\000D\000e\000c\000o\000r\000r\000e\000l\000a\000t\000i\000o\000n\000\040\000M\000e\000t\000r\000i\000c\000s}{subsection.3.3}% 20
\BOOKMARK [1][-]{section.4}{\376\377\000S\000i\000m\000u\000l\000a\000t\000i\000o\000n\000\040\000A\000n\000t\000e\000n\000n\000a\000\040\000L\000e\000n\000s\000\040\0003\000T\000X\000\040\000t\000o\000\040\0003\000R\000X\000\040\000w\000i\000t\000h\000\040\000R\000a\000y\000-\000T\000r\000a\000c\000e\000\040\000M\000e\000t\000h\000o\000d\000\040\000o\000n\000\040\000H\000F\000S\000S\000\040\000S\000B\000R\000+}{}% 21
\BOOKMARK [2][-]{subsection.4.1}{\376\377\000E\000x\000p\000e\000r\000i\000m\000e\000n\000t\000a\000l\000\040\000S\000e\000t\000u\000p}{section.4}% 22
\BOOKMARK [2][-]{subsection.4.2}{\376\377\000R\000e\000s\000u\000l\000t}{section.4}% 23
\BOOKMARK [2][-]{subsection.4.3}{\376\377\000E\000v\000a\000l\000u\000a\000t\000i\000o\000n}{section.4}% 24
\BOOKMARK [3][-]{subsubsection.4.3.1}{\376\377\000S\000-\000P\000a\000r\000a\000m\000e\000t\000e\000r\000-\000B\000a\000s\000e\000d\000\040\000C\000o\000m\000m\000u\000n\000i\000c\000a\000t\000i\000o\000n\000\040\000C\000h\000a\000n\000n\000e\000l\000\040\000E\000v\000a\000l\000u\000a\000t\000i\000o\000n}{subsection.4.3}% 25
\BOOKMARK [3][-]{subsubsection.4.3.2}{\376\377\000S\000i\000n\000g\000u\000l\000a\000r\000\040\000V\000a\000l\000u\000e\000\040\000D\000e\000c\000o\000m\000p\000o\000s\000i\000t\000i\000o\000n\000\040\000o\000f\000\040\000t\000h\000e\000\040\000C\000h\000a\000n\000n\000e\000l\000\040\000M\000a\000t\000r\000i\000x}{subsection.4.3}% 26
\BOOKMARK [3][-]{subsubsection.4.3.3}{\376\377\000E\000q\000u\000a\000l\000-\000P\000o\000w\000e\000r\000\040\000M\000I\000M\000O\000\040\000C\000h\000a\000n\000n\000e\000l\000\040\000C\000a\000p\000a\000c\000i\000t\000y}{subsection.4.3}% 27
\BOOKMARK [3][-]{subsubsection.4.3.4}{\376\377\000R\000e\000c\000e\000i\000v\000e\000-\000S\000i\000d\000e\000\040\000S\000p\000a\000t\000i\000a\000l\000\040\000C\000o\000r\000r\000e\000l\000a\000t\000i\000o\000n}{subsection.4.3}% 28
\BOOKMARK [3][-]{subsubsection.4.3.5}{\376\377\000T\000r\000a\000n\000s\000m\000i\000t\000-\000S\000i\000d\000e\000\040\000S\000p\000a\000t\000i\000a\000l\000\040\000C\000o\000r\000r\000e\000l\000a\000t\000i\000o\000n}{subsection.4.3}% 29
\BOOKMARK [3][-]{subsubsection.4.3.6}{\376\377\000M\000e\000a\000n\000\040\000O\000f\000f\000-\000D\000i\000a\000g\000o\000n\000a\000l\000\040\000C\000o\000r\000r\000e\000l\000a\000t\000i\000o\000n}{subsection.4.3}% 30
\BOOKMARK [3][-]{subsubsection.4.3.7}{\376\377\000C\000a\000p\000a\000c\000i\000t\000y\000\040\000E\000v\000a\000l\000u\000a\000t\000i\000o\000n\000\040\000a\000t\000\040\000F\000i\000x\000e\000d\000\040\000S\000N\000R}{subsection.4.3}% 31
\BOOKMARK [3][-]{subsubsection.4.3.8}{\376\377\000S\000u\000m\000m\000a\000r\000y\000\040\000o\000f\000\040\000t\000h\000e\000\040\000E\000v\000a\000l\000u\000a\000t\000i\000o\000n\000\040\000M\000e\000t\000h\000o\000d}{subsection.4.3}% 32
\BOOKMARK [1][-]{section.5}{\376\377\000C\000o\000m\000p\000a\000r\000i\000s\000o\000n\000\040\000o\000f\000\040\000H\000y\000b\000r\000i\000d\000,\000\040\000S\000i\000o\000n\000n\000a\000-\000R\000T\000,\000\040\000a\000n\000d\000\040\000S\000B\000R\000+\000\040\000S\000o\000l\000v\000e\000r\000s}{}% 33
\BOOKMARK [2][-]{subsection.5.1}{\376\377\000C\000o\000m\000p\000a\000r\000i\000s\000o\000n\000\040\000B\000a\000s\000i\000s\000\040\000a\000n\000d\000\040\000C\000h\000a\000n\000n\000e\000l\000\040\000H\000a\000r\000m\000o\000n\000i\000z\000a\000t\000i\000o\000n}{section.5}% 34
\BOOKMARK [2][-]{subsection.5.2}{\376\377\000A\000b\000s\000o\000l\000u\000t\000e\000\040\000C\000h\000a\000n\000n\000e\000l\000-\000M\000a\000g\000n\000i\000t\000u\000d\000e\000\040\000C\000o\000m\000p\000a\000r\000i\000s\000o\000n}{section.5}% 35
\BOOKMARK [2][-]{subsection.5.3}{\376\377\000L\000e\000n\000s\000-\000E\000f\000f\000e\000c\000t\000\040\000C\000o\000m\000p\000a\000r\000i\000s\000o\000n}{section.5}% 36
\BOOKMARK [2][-]{subsection.5.4}{\376\377\000I\000n\000t\000e\000r\000-\000S\000o\000l\000v\000e\000r\000\040\000M\000I\000M\000O\000\040\000Q\000u\000a\000l\000i\000t\000y\000\040\000a\000n\000d\000\040\000C\000a\000p\000a\000c\000i\000t\000y}{section.5}% 37
\BOOKMARK [2][-]{subsection.5.5}{\376\377\000S\000p\000a\000t\000i\000a\000l\000-\000C\000o\000r\000r\000e\000l\000a\000t\000i\000o\000n\000\040\000C\000o\000m\000p\000a\000r\000i\000s\000o\000n}{section.5}% 38
\BOOKMARK [2][-]{subsection.5.6}{\376\377\000O\000v\000e\000r\000a\000l\000l\000\040\000C\000o\000m\000p\000a\000r\000i\000s\000o\000n\000\040\000a\000n\000d\000\040\000I\000n\000t\000e\000r\000p\000r\000e\000t\000a\000t\000i\000o\000n}{section.5}% 39
\BOOKMARK [1][-]{section.6}{\376\377\000M\000o\000n\000t\000e\000\040\000C\000a\000r\000l\000o\000\040\0009\000x\0009\000\040\000A\000n\000t\000e\000n\000n\000a\000\040\000S\000i\000m\000u\000l\000a\000t\000i\000o\000n\000:\000\040\000D\000i\000s\000c\000u\000s\000s\000i\000o\000n\000\040\000a\000n\000d\000\040\000C\000o\000n\000c\000l\000u\000s\000i\000o\000n\000s}{}% 40
\BOOKMARK [2][-]{subsection.6.1}{\376\377\000T\000e\000c\000h\000n\000i\000c\000a\000l\000\040\000S\000u\000m\000m\000a\000r\000y}{section.6}% 41
\BOOKMARK [2][-]{subsection.6.2}{\376\377\000S\000i\000m\000u\000l\000a\000t\000i\000o\000n\000\040\000S\000o\000u\000r\000c\000e\000s\000\040\000a\000n\000d\000\040\000S\000c\000o\000p\000e}{section.6}% 42
\BOOKMARK [2][-]{subsection.6.3}{\376\377\000C\000a\000l\000c\000u\000l\000a\000t\000i\000o\000n\000\040\000M\000e\000t\000h\000o\000d\000o\000l\000o\000g\000y}{section.6}% 43
\BOOKMARK [3][-]{subsubsection.6.3.1}{\376\377\000C\000h\000a\000n\000n\000e\000l\000\040\000G\000e\000n\000e\000r\000a\000t\000i\000o\000n\000\040\000a\000n\000d\000\040\000M\000e\000t\000r\000i\000c\000s}{subsection.6.3}% 44
\BOOKMARK [3][-]{subsubsection.6.3.2}{\376\377\000V\000i\000r\000t\000u\000a\000l\000\040\000M\000I\000M\000O\000\040\000E\000v\000a\000l\000u\000a\000t\000i\000o\000n}{subsection.6.3}% 45
\BOOKMARK [2][-]{subsection.6.4}{\376\377\000A\000g\000g\000r\000e\000g\000a\000t\000e\000\040\000L\000e\000n\000s\000\040\000a\000n\000d\000\040\000N\000o\000-\000L\000e\000n\000s\000\040\000R\000e\000s\000u\000l\000t\000s}{section.6}% 46
\BOOKMARK [2][-]{subsection.6.5}{\376\377\000C\000o\000m\000p\000a\000r\000i\000s\000o\000n\000\040\000b\000y\000\040\000R\000X\000\040\000A\000n\000g\000l\000e}{section.6}% 47
\BOOKMARK [2][-]{subsection.6.6}{\376\377\000P\000a\000i\000r\000e\000d\000\040\000C\000h\000e\000c\000k\000s\000\040\000b\000y\000\040\000D\000r\000o\000p}{section.6}% 48
\BOOKMARK [2][-]{subsection.6.7}{\376\377\000V\000i\000r\000t\000u\000a\000l\000\040\000M\000I\000M\000O\000\040\000C\000h\000a\000n\000n\000e\000l\000\040\000C\000o\000n\000d\000i\000t\000i\000o\000n\000i\000n\000g}{section.6}% 49
\BOOKMARK [2][-]{subsection.6.8}{\376\377\000L\000i\000m\000i\000t\000a\000t\000i\000o\000n\000s\000\040\000a\000n\000d\000\040\000U\000n\000c\000e\000r\000t\000a\000i\000n\000t\000y}{section.6}% 50
\BOOKMARK [2][-]{subsection.6.9}{\376\377\000R\000e\000c\000o\000m\000m\000e\000n\000d\000e\000d\000\040\000F\000o\000l\000l\000o\000w\000-\000U\000p\000\040\000S\000i\000m\000u\000l\000a\000t\000i\000o\000n\000s}{section.6}% 51
\BOOKMARK [2][-]{subsection.6.10}{\376\377\000C\000o\000n\000c\000l\000u\000s\000i\000o\000n}{section.6}% 52
\BOOKMARK [1][-]{section.7}{\376\377\000R\000e\000f\000e\000r\000e\000n\000c\000e\000\040\000B\000a\000s\000i\000s}{}% 53
\BOOKMARK [1][-]{section.A}{\376\377\000A\000n\000t\000e\000n\000n\000a\000\040\000M\000o\000d\000e\000l\000i\000n\000g}{}% 54
\BOOKMARK [2][-]{subsection.A.1}{\376\377\000A\000n\000t\000e\000n\000n\000a\000\040\000T\000r\000a\000n\000s\000m\000i\000t\000t\000e\000r}{section.A}% 55
\BOOKMARK [2][-]{subsection.A.2}{\376\377\000A\000n\000t\000e\000n\000n\000a\000\040\000R\000e\000c\000e\000i\000v\000e\000r}{section.A}% 56
\BOOKMARK [1][-]{section.B}{\376\377\000F\000E\000M\000\040\000S\000o\000l\000v\000e\000r}{}% 57
\BOOKMARK [1][-]{section.C}{\376\377\000R\000a\000y\000-\000t\000r\000a\000c\000i\000n\000g\000\040\000S\000o\000l\000v\000e\000r}{}% 58
\BOOKMARK [1][-]{section.D}{\376\377\000H\000y\000b\000r\000i\000d\000\040\000S\000o\000l\000v\000e\000r}{}% 59
\BOOKMARK [1][-]{section.E}{\376\377\000F\000l\000o\000q\000u\000e\000t\000\040\000P\000o\000r\000t\000\040\000S\000i\000m\000u\000l\000a\000t\000i\000o\000n\000\040\000N\000o\000t\000e\000s}{}% 60
\BOOKMARK [2][-]{subsection.E.1}{\376\377\000U\000n\000i\000t\000-\000C\000e\000l\000l\000\040\000S\000e\000t\000u\000p}{section.E}% 61
\BOOKMARK [2][-]{subsection.E.2}{\376\377\000A\000d\000d\000i\000t\000i\000o\000n\000a\000l\000\040\000O\000b\000s\000e\000r\000v\000a\000t\000i\000o\000n\000s}{section.E}% 62
\BOOKMARK [2][-]{subsection.E.3}{\376\377\000S\000i\000m\000u\000l\000a\000t\000i\000o\000n\000\040\000C\000h\000e\000c\000k\000l\000i\000s\000t}{section.E}% 63
\BOOKMARK [2][-]{subsection.E.4}{\376\377\000R\000e\000f\000e\000r\000e\000n\000c\000e\000\040\000N\000o\000t\000e\000s}{section.E}% 64
